[Architectury Transformer DEBUG] 
[Architectury Transformer DEBUG] ============================
[Architectury Transformer DEBUG] Transforming from C:\Users\Пользователь\Desktop\Бакрумс аддон\Endless-Store-1-21-1-multi\common\build\devlibs\endless_store_mod-common-1.0.0-dev.jar to C:\Users\Пользователь\Desktop\Бакрумс аддон\Endless-Store-1-21-1-multi\common\build\libs\endless_store_mod-common-1.0.0-transformProductionNeoForge.jar
[Architectury Transformer DEBUG] ============================
[Architectury Transformer DEBUG] 
[Architectury Transformer DEBUG] Transforming 5 transformer(s) from C:\Users\Пользователь\Desktop\Бакрумс аддон\Endless-Store-1-21-1-multi\common\build\devlibs\endless_store_mod-common-1.0.0-dev.jar to C:\Users\Пользователь\Desktop\Бакрумс аддон\Endless-Store-1-21-1-multi\common\build\libs\endless_store_mod-common-1.0.0-transformProductionNeoForge.jar: 
[Architectury Transformer DEBUG]  - dev.architectury.transformer.transformers.TransformExpectPlatform@3e1b82a4
[Architectury Transformer DEBUG]  - dev.architectury.transformer.transformers.RemapInjectables@65593f63
[Architectury Transformer DEBUG]  - dev.architectury.transformer.transformers.TransformPlatformOnly@76fa6f94
[Architectury Transformer DEBUG]  - dev.architectury.transformer.transformers.TransformNeoForgeAnnotations@2db16015
[Architectury Transformer DEBUG]  - dev.architectury.transformer.transformers.TransformNeoForgeEnvironment@4f5dd9a5
[Architectury Transformer DEBUG] Transforming from C:\Users\Пользователь\Desktop\Бакрумс аддон\Endless-Store-1-21-1-multi\common\build\devlibs\endless_store_mod-common-1.0.0-dev.jar to C:\Users\Пользователь\Desktop\Бакрумс аддон\Endless-Store-1-21-1-multi\common\build\libs\endless_store_mod-common-1.0.0-transformProductionNeoForge.jar with 5 transformer(s) on dev.architectury.transformer.handler.SimpleTransformerHandler
[Architectury Transformer DEBUG] Remapping with 1 mapping provider(s):
[Architectury Transformer DEBUG]  - dev.architectury.transformer.transformers.TransformNeoForgeEnvironment$$Lambda/0x000001c001dbba80@6c199a94
[Architectury Transformer DEBUG] Provided 60 classpath jar(s):
[Architectury Transformer DEBUG]  - C:\Users\Пользователь\.gradle\caches\modules-2\files-2.1\dev.architectury\architectury-injectables\1.0.10\62db2a366d662606d1b23ad02ccc3212ed37ec3\architectury-injectables-1.0.10.jar
[Architectury Transformer DEBUG]  - C:\Users\Пользователь\.gradle\caches\modules-2\files-2.1\net.fabricmc\fabric-loader\0.19.3\354dfaa02d0552e11867f85dff7cdbfaf813ba3e\fabric-loader-0.19.3.jar
[Architectury Transformer DEBUG]  - C:\Users\Пользователь\.gradle\caches\modules-2\files-2.1\org.jetbrains\annotations\26.0.2\c7ce3cdeda3d18909368dfe5977332dfad326c6d\annotations-26.0.2.jar
[Architectury Transformer DEBUG]  - C:\Users\Пользователь\.gradle\caches\modules-2\files-2.1\org.ow2.asm\asm\9.9\c29635c8a7afa03d74b33c1884df8abb2b3f3dcc\asm-9.9.jar
[Architectury Transformer DEBUG]  - C:\Users\Пользователь\.gradle\caches\modules-2\files-2.1\org.ow2.asm\asm-analysis\9.9\bf4fa6e66638851c1cd22c2caea0c3ee5d5f437\asm-analysis-9.9.jar
[Architectury Transformer DEBUG]  - C:\Users\Пользователь\.gradle\caches\modules-2\files-2.1\org.ow2.asm\asm-commons\9.9\db9165a3bf908ded6b08612d583a15d1d0c7bda0\asm-commons-9.9.jar
[Architectury Transformer DEBUG]  - C:\Users\Пользователь\.gradle\caches\modules-2\files-2.1\org.ow2.asm\asm-tree\9.9\f8de6eead6d24dd0f45bd065bbe112b2cda6ea21\asm-tree-9.9.jar
[Architectury Transformer DEBUG]  - C:\Users\Пользователь\.gradle\caches\modules-2\files-2.1\org.ow2.asm\asm-util\9.9\42fdfc0508b43807c8078d6e82ecff2ce2112ae8\asm-util-9.9.jar
[Architectury Transformer DEBUG]  - C:\Users\Пользователь\.gradle\caches\modules-2\files-2.1\net.fabricmc\sponge-mixin\0.17.2+mixin.0.8.7\edf98d1d98229e46e36c61774ae2b54dcd852981\sponge-mixin-0.17.2+mixin.0.8.7.jar
[Architectury Transformer DEBUG]  - C:\Users\Пользователь\.gradle\caches\modules-2\files-2.1\io.github.llamalad7\mixinextras-fabric\0.5.4\5e167154bcb9942111313a5e186e16cd7265f858\mixinextras-fabric-0.5.4.jar
[Architectury Transformer DEBUG]  - C:\Users\Пользователь\.gradle\caches\modules-2\files-2.1\com.github.oshi\oshi-core\6.4.10\b1d8ab82d11d92fd639b56d639f8f46f739dd5fa\oshi-core-6.4.10.jar
[Architectury Transformer DEBUG]  - C:\Users\Пользователь\.gradle\caches\modules-2\files-2.1\com.google.code.gson\gson\2.10.1\b3add478d4382b78ea20b1671390a858002feb6c\gson-2.10.1.jar
[Architectury Transformer DEBUG]  - C:\Users\Пользователь\.gradle\caches\modules-2\files-2.1\com.google.guava\failureaccess\1.0.1\1dcf1de382a0bf95a3d8b0849546c88bac1292c9\failureaccess-1.0.1.jar
[Architectury Transformer DEBUG]  - C:\Users\Пользователь\.gradle\caches\modules-2\files-2.1\com.google.guava\guava\32.1.2-jre\5e64ec7e056456bef3a4bc4c6fdaef71e8ab6318\guava-32.1.2-jre.jar
[Architectury Transformer DEBUG]  - C:\Users\Пользователь\.gradle\caches\modules-2\files-2.1\com.ibm.icu\icu4j\73.2\61ad4ef7f9131fcf6d25c34b817f90d6da06c9e9\icu4j-73.2.jar
[Architectury Transformer DEBUG]  - C:\Users\Пользователь\.gradle\caches\modules-2\files-2.1\com.mojang\authlib\6.0.54\de8bc95660e1b2fe8793fd427a7a10dcec5b3ea7\authlib-6.0.54.jar
[Architectury Transformer DEBUG]  - C:\Users\Пользователь\.gradle\caches\modules-2\files-2.1\com.mojang\blocklist\1.0.10\5c685c5ffa94c4cd39496c7184c1d122e515ecef\blocklist-1.0.10.jar
[Architectury Transformer DEBUG]  - C:\Users\Пользователь\.gradle\caches\modules-2\files-2.1\com.mojang\brigadier\1.3.10\d15b53a14cf20fdcaa98f731af5dda654452c010\brigadier-1.3.10.jar
[Architectury Transformer DEBUG]  - C:\Users\Пользователь\.gradle\caches\modules-2\files-2.1\com.mojang\datafixerupper\8.0.16\67d4de6d7f95d89bcf5862995fb854ebaec02a34\datafixerupper-8.0.16.jar
[Architectury Transformer DEBUG]  - C:\Users\Пользователь\.gradle\caches\modules-2\files-2.1\com.mojang\logging\1.2.7\24cb95ffb0e3433fd6e844c04e68009e504ca1c0\logging-1.2.7.jar
[Architectury Transformer DEBUG]  - C:\Users\Пользователь\.gradle\caches\modules-2\files-2.1\com.mojang\patchy\2.2.10\da05971b07cbb379d002cf7eaec6a2048211fefc\patchy-2.2.10.jar
[Architectury Transformer DEBUG]  - C:\Users\Пользователь\.gradle\caches\modules-2\files-2.1\com.mojang\text2speech\1.17.9\3cad216e3a7f0c19b4b394388bc9ffc446f13b14\text2speech-1.17.9.jar
[Architectury Transformer DEBUG]  - C:\Users\Пользователь\.gradle\caches\modules-2\files-2.1\commons-codec\commons-codec\1.16.0\4e3eb3d79888d76b54e28b350915b5dc3919c9de\commons-codec-1.16.0.jar
[Architectury Transformer DEBUG]  - C:\Users\Пользователь\.gradle\caches\modules-2\files-2.1\commons-io\commons-io\2.15.1\f11560da189ab563a5c8e351941415430e9304ea\commons-io-2.15.1.jar
[Architectury Transformer DEBUG]  - C:\Users\Пользователь\.gradle\caches\modules-2\files-2.1\commons-logging\commons-logging\1.2\4bfc12adfe4842bf07b657f0369c4cb522955686\commons-logging-1.2.jar
[Architectury Transformer DEBUG]  - C:\Users\Пользователь\.gradle\caches\modules-2\files-2.1\io.netty\netty-buffer\4.1.97.Final\f8f3d8644afa5e6e1a40a3a6aeb9d9aa970ecb4f\netty-buffer-4.1.97.Final.jar
[Architectury Transformer DEBUG]  - C:\Users\Пользователь\.gradle\caches\modules-2\files-2.1\io.netty\netty-codec\4.1.97.Final\384ba4d75670befbedb45c4d3b497a93639c206d\netty-codec-4.1.97.Final.jar
[Architectury Transformer DEBUG]  - C:\Users\Пользователь\.gradle\caches\modules-2\files-2.1\io.netty\netty-common\4.1.97.Final\7cceacaf11df8dc63f23d0fb58e9d4640fc88404\netty-common-4.1.97.Final.jar
[Architectury Transformer DEBUG]  - C:\Users\Пользователь\.gradle\caches\modules-2\files-2.1\io.netty\netty-handler\4.1.97.Final\abb86c6906bf512bf2b797a41cd7d2e8d3cd7c36\netty-handler-4.1.97.Final.jar
[Architectury Transformer DEBUG]  - C:\Users\Пользователь\.gradle\caches\modules-2\files-2.1\io.netty\netty-resolver\4.1.97.Final\cec8348108dc76c47cf87c669d514be52c922144\netty-resolver-4.1.97.Final.jar
[Architectury Transformer DEBUG]  - C:\Users\Пользователь\.gradle\caches\modules-2\files-2.1\io.netty\netty-transport-classes-epoll\4.1.97.Final\795da37ded759e862457a82d9d92c4d39ce8ecee\netty-transport-classes-epoll-4.1.97.Final.jar
[Architectury Transformer DEBUG]  - C:\Users\Пользователь\.gradle\caches\modules-2\files-2.1\io.netty\netty-transport-native-unix-common\4.1.97.Final\d469d84265ab70095b01b40886cabdd433b6e664\netty-transport-native-unix-common-4.1.97.Final.jar
[Architectury Transformer DEBUG]  - C:\Users\Пользователь\.gradle\caches\modules-2\files-2.1\io.netty\netty-transport\4.1.97.Final\f37380d23c9bb079bc702910833b2fd532c9abd0\netty-transport-4.1.97.Final.jar
[Architectury Transformer DEBUG]  - C:\Users\Пользователь\.gradle\caches\modules-2\files-2.1\it.unimi.dsi\fastutil\8.5.12\c24946d46824bd528054bface3231d2ecb7e95e8\fastutil-8.5.12.jar
[Architectury Transformer DEBUG]  - C:\Users\Пользователь\.gradle\caches\modules-2\files-2.1\net.java.dev.jna\jna-platform\5.14.0\28934d48aed814f11e4c584da55c49fa7032b31b\jna-platform-5.14.0.jar
[Architectury Transformer DEBUG]  - C:\Users\Пользователь\.gradle\caches\modules-2\files-2.1\net.java.dev.jna\jna\5.14.0\67bf3eaea4f0718cb376a181a629e5f88fa1c9dd\jna-5.14.0.jar
[Architectury Transformer DEBUG]  - C:\Users\Пользователь\.gradle\caches\modules-2\files-2.1\net.sf.jopt-simple\jopt-simple\5.0.4\4fdac2fbe92dfad86aa6e9301736f6b4342a3f5c\jopt-simple-5.0.4.jar
[Architectury Transformer DEBUG]  - C:\Users\Пользователь\.gradle\caches\modules-2\files-2.1\org.apache.commons\commons-compress\1.26.0\659feffdd12280201c8aacb8f7be94f9a883c824\commons-compress-1.26.0.jar
[Architectury Transformer DEBUG]  - C:\Users\Пользователь\.gradle\caches\modules-2\files-2.1\org.apache.commons\commons-lang3\3.14.0\1ed471194b02f2c6cb734a0cd6f6f107c673afae\commons-lang3-3.14.0.jar
[Architectury Transformer DEBUG]  - C:\Users\Пользователь\.gradle\caches\modules-2\files-2.1\org.apache.httpcomponents\httpclient\4.5.13\e5f6cae5ca7ecaac1ec2827a9e2d65ae2869cada\httpclient-4.5.13.jar
[Architectury Transformer DEBUG]  - C:\Users\Пользователь\.gradle\caches\modules-2\files-2.1\org.apache.httpcomponents\httpcore\4.4.16\51cf043c87253c9f58b539c9f7e44c8894223850\httpcore-4.4.16.jar
[Architectury Transformer DEBUG]  - C:\Users\Пользователь\.gradle\caches\modules-2\files-2.1\org.apache.logging.log4j\log4j-api\2.22.1\bea6fede6328fabafd7e68363161a7ea6605abd1\log4j-api-2.22.1.jar
[Architectury Transformer DEBUG]  - C:\Users\Пользователь\.gradle\caches\modules-2\files-2.1\org.apache.logging.log4j\log4j-core\2.22.1\7183a25510a02ad00cc6a95d3b3d2a7d3c5a8dc4\log4j-core-2.22.1.jar
[Architectury Transformer DEBUG]  - C:\Users\Пользователь\.gradle\caches\modules-2\files-2.1\org.apache.logging.log4j\log4j-slf4j2-impl\2.22.1\d7e6693c2606cb7e7335047d7bb96dec52db5665\log4j-slf4j2-impl-2.22.1.jar
[Architectury Transformer DEBUG]  - C:\Users\Пользователь\.gradle\caches\modules-2\files-2.1\org.jcraft\jorbis\0.0.17\8872d22b293e8f5d7d56ff92be966e6dc28ebdc6\jorbis-0.0.17.jar
[Architectury Transformer DEBUG]  - C:\Users\Пользователь\.gradle\caches\modules-2\files-2.1\org.joml\joml\1.10.5\22566d58af70ad3d72308bab63b8339906deb649\joml-1.10.5.jar
[Architectury Transformer DEBUG]  - C:\Users\Пользователь\.gradle\caches\modules-2\files-2.1\org.lwjgl\lwjgl-freetype\3.3.3\a0db6c84a8becc8ca05f9dbfa985edc348a824c7\lwjgl-freetype-3.3.3.jar
[Architectury Transformer DEBUG]  - C:\Users\Пользователь\.gradle\caches\modules-2\files-2.1\org.lwjgl\lwjgl-glfw\3.3.3\efa1eb78c5ccd840e9f329717109b5e892d72f8e\lwjgl-glfw-3.3.3.jar
[Architectury Transformer DEBUG]  - C:\Users\Пользователь\.gradle\caches\modules-2\files-2.1\org.lwjgl\lwjgl-jemalloc\3.3.3\b543467b7ff3c6920539a88ee602d34098628be5\lwjgl-jemalloc-3.3.3.jar
[Architectury Transformer DEBUG]  - C:\Users\Пользователь\.gradle\caches\modules-2\files-2.1\org.lwjgl\lwjgl-openal\3.3.3\daada81ceb5fc0c291fbfdd4433cb8d9423577f2\lwjgl-openal-3.3.3.jar
[Architectury Transformer DEBUG]  - C:\Users\Пользователь\.gradle\caches\modules-2\files-2.1\org.lwjgl\lwjgl-opengl\3.3.3\2f6b0147078396a58979125a4c947664e98293a\lwjgl-opengl-3.3.3.jar
[Architectury Transformer DEBUG]  - C:\Users\Пользователь\.gradle\caches\modules-2\files-2.1\org.lwjgl\lwjgl-stb\3.3.3\25dd6161988d7e65f71d5065c99902402ee32746\lwjgl-stb-3.3.3.jar
[Architectury Transformer DEBUG]  - C:\Users\Пользователь\.gradle\caches\modules-2\files-2.1\org.lwjgl\lwjgl-tinyfd\3.3.3\82d755ca94b102e9ca77283b9e2dc46d1b15fbe5\lwjgl-tinyfd-3.3.3.jar
[Architectury Transformer DEBUG]  - C:\Users\Пользователь\.gradle\caches\modules-2\files-2.1\org.lwjgl\lwjgl\3.3.3\29589b5f87ed335a6c7e7ee6a5775f81f97ecb84\lwjgl-3.3.3.jar
[Architectury Transformer DEBUG]  - C:\Users\Пользователь\.gradle\caches\modules-2\files-2.1\org.lz4\lz4-java\1.8.0\4b986a99445e49ea5fbf5d149c4b63f6ed6c6780\lz4-java-1.8.0.jar
[Architectury Transformer DEBUG]  - C:\Users\Пользователь\.gradle\caches\modules-2\files-2.1\org.slf4j\slf4j-api\2.0.9\7cf2726fdcfbc8610f9a71fb3ed639871f315340\slf4j-api-2.0.9.jar
[Architectury Transformer DEBUG]  - C:\Users\Пользователь\Desktop\Бакрумс аддон\Endless-Store-1-21-1-multi\.gradle\loom-cache\minecraftMaven\net\minecraft\minecraft-merged-c5e0f6b853\1.21.1-loom.mappings.1_21_1.layered+hash.40359-v2\minecraft-merged-c5e0f6b853-1.21.1-loom.mappings.1_21_1.layered+hash.40359-v2.jar
[Architectury Transformer DEBUG]  - C:\Users\Пользователь\.gradle\caches\modules-2\files-2.1\io.netty\netty-transport-native-epoll\4.1.97.Final\54188f271e388e7f313aea995e82f58ce2cdb809\netty-transport-native-epoll-4.1.97.Final-linux-x86_64.jar
[Architectury Transformer DEBUG]  - C:\Users\Пользователь\.gradle\caches\modules-2\files-2.1\io.netty\netty-transport-native-epoll\4.1.97.Final\5514744c588190ffda076b35a9b8c9f24946a960\netty-transport-native-epoll-4.1.97.Final-linux-aarch_64.jar
[Architectury Transformer DEBUG]  - C:\Users\Пользователь\Desktop\Бакрумс аддон\Endless-Store-1-21-1-multi\.gradle\loom-cache\remapped_mods\remapped\software\bernie\geckolib\geckolib-fabric-1.21.1-b9d2d3ba\4.8.3\geckolib-fabric-1.21.1-b9d2d3ba-4.8.3.jar
[Architectury Transformer] Read classpath in 1.169 s
[Architectury Transformer DEBUG] Remapping Classes:
[Architectury Transformer DEBUG] net/fabricmc/api/EnvType -> net/neoforged/api/distmarker/Dist
[Architectury Transformer DEBUG] net/fabricmc/api/Environment -> net/neoforged/api/distmarker/OnlyIn
[Architectury Transformer DEBUG] Found class transformer
[Architectury Transformer DEBUG] Writing net/es/EndlessStoreMod with maxs=true frames=true
[Architectury Transformer DEBUG] Writing net/es/world/features/ToxicLake with maxs=true frames=true
[Architectury Transformer DEBUG] Writing net/es/world/features/AbandonedHills with maxs=true frames=true
[Architectury Transformer DEBUG] Writing net/es/world/features/HillsOfBoxes with maxs=true frames=true
[Architectury Transformer DEBUG] Writing net/es/world/features/TrashLandfill with maxs=true frames=true
[Architectury Transformer DEBUG] Writing net/es/world/features/ChainMailTrees with maxs=true frames=true
[Architectury Transformer DEBUG] Writing net/es/world/features/SinWaveHillFeature with maxs=true frames=true
[Architectury Transformer DEBUG] Writing net/es/world/dimension/EndlessStoreDimension with maxs=true frames=true
[Architectury Transformer DEBUG] Writing net/es/screen/PlayerDeathHandler with maxs=true frames=true
[Architectury Transformer DEBUG] Writing net/es/screen/DimensionEnterHandler with maxs=true frames=true
[Architectury Transformer DEBUG] Writing net/es/registry/EndlessStoreFeatures with maxs=true frames=true
[Architectury Transformer DEBUG] Writing net/es/registry/EndlessStoreFuel with maxs=true frames=true
[Architectury Transformer DEBUG] Writing net/es/item/EndlessStoreItems$3 with maxs=true frames=true
[Architectury Transformer DEBUG] Writing net/es/item/EndlessStoreItems$4 with maxs=true frames=true
[Architectury Transformer DEBUG] Writing net/es/item/EndlessStoreItems$1 with maxs=true frames=true
[Architectury Transformer DEBUG] Writing net/es/item/EndlessStoreItems$2 with maxs=true frames=true
[Architectury Transformer DEBUG] Writing net/es/item/EndlessStoreItems$ItemRegistry with maxs=true frames=true
[Architectury Transformer DEBUG] Writing net/es/item/CustomSpawnEggItem with maxs=true frames=true
[Architectury Transformer DEBUG] Writing net/es/item/EndlessStoreItemGroup with maxs=true frames=true
[Architectury Transformer DEBUG] Writing net/es/item/EndlessStoreItems with maxs=true frames=true
[Architectury Transformer DEBUG] Writing net/es/item/EndlessStoreArmorMaterials$1 with maxs=true frames=true
[Architectury Transformer DEBUG] Writing net/es/item/EndlessStoreArmorMaterials with maxs=true frames=true
[Architectury Transformer DEBUG] Writing net/es/item/CustomBucketItem with maxs=true frames=true
[Architectury Transformer DEBUG] Writing net/es/item/custom/HandmadeIronArmorItem$1 with maxs=true frames=true
[Architectury Transformer DEBUG] Writing net/es/item/custom/SecurityArmorItem$1 with maxs=true frames=true
[Architectury Transformer DEBUG] Writing net/es/item/custom/SecurityArmorItem with maxs=true frames=true
[Architectury Transformer DEBUG] Writing net/es/item/custom/HandmadeArmorItem$1 with maxs=true frames=true
[Architectury Transformer DEBUG] Writing net/es/item/custom/EmployeeShirtArmorItem with maxs=true frames=true
[Architectury Transformer DEBUG] Writing net/es/item/custom/HandmadeIronArmorItem with maxs=true frames=true
[Architectury Transformer DEBUG] Writing net/es/item/custom/EmployeeShirtArmorItem$1 with maxs=true frames=true
[Architectury Transformer DEBUG] Writing net/es/item/custom/HandmadeArmorItem with maxs=true frames=true
[Architectury Transformer DEBUG] Writing net/es/fluid/CustomFluidBlock with maxs=true frames=true
[Architectury Transformer DEBUG] Writing net/es/fluid/CustomWaterFluidBlock with maxs=true frames=true
[Architectury Transformer DEBUG] Writing net/es/fluid/WasteWaterFluid$Flowing with maxs=true frames=true
[Architectury Transformer DEBUG] Writing net/es/fluid/EndlessStoreFluids with maxs=true frames=true
[Architectury Transformer DEBUG] Writing net/es/fluid/AcidFluid$Flowing with maxs=true frames=true
[Architectury Transformer DEBUG] Writing net/es/fluid/AcidFluid with maxs=true frames=true
[Architectury Transformer DEBUG] Writing net/es/fluid/WasteWaterFluid with maxs=true frames=true
[Architectury Transformer DEBUG] Writing net/es/fluid/EndlessStoreFluids$FluidRegistry with maxs=true frames=true
[Architectury Transformer DEBUG] Writing net/es/fluid/AcidFluid$Still with maxs=true frames=true
[Architectury Transformer DEBUG] Writing net/es/fluid/WasteWaterFluid$Still with maxs=true frames=true
[Architectury Transformer DEBUG] Writing net/es/entity/ConfigurableHeightSpawnRestriction with maxs=true frames=true
[Architectury Transformer DEBUG] Writing net/es/entity/ConfigurableHeightSpawnRestriction$HeightRule with maxs=true frames=true
[Architectury Transformer DEBUG] Writing net/es/entity/EndlessStoreEntities with maxs=true frames=true
[Architectury Transformer DEBUG] Writing net/es/entity/mob/CustomHostileEntity with maxs=true frames=true
[Architectury Transformer DEBUG] Writing net/es/entity/custom/WatcherEntity with maxs=true frames=true
[Architectury Transformer DEBUG] Writing net/es/entity/custom/SecurityEntity with maxs=true frames=true
[Architectury Transformer DEBUG] Writing net/es/entity/custom/JackEntity$JackMoveGoal with maxs=true frames=true
[Architectury Transformer DEBUG] Writing net/es/entity/custom/EmployeeEntity$2 with maxs=true frames=true
[Architectury Transformer DEBUG] Writing net/es/entity/custom/EmployeeEntity$1 with maxs=true frames=true
[Architectury Transformer DEBUG] Writing net/es/entity/custom/EmployeeEntity$EmployeeTargetGoal with maxs=true frames=true
[Architectury Transformer DEBUG] Writing net/es/entity/custom/WaterStriderEntity with maxs=true frames=true
[Architectury Transformer DEBUG] Writing net/es/entity/custom/EmployeeEntity with maxs=true frames=true
[Architectury Transformer DEBUG] Writing net/es/entity/custom/PlateEntity$1 with maxs=true frames=true
[Architectury Transformer DEBUG] Writing net/es/entity/custom/JackEntity$JackSwimmingGoal with maxs=true frames=true
[Architectury Transformer DEBUG] Writing net/es/entity/custom/PlateEntity with maxs=true frames=true
[Architectury Transformer DEBUG] Writing net/es/entity/custom/JackEntity$JackMoveControl with maxs=true frames=true
[Architectury Transformer DEBUG] Writing net/es/entity/custom/JackEntity$JackFaceTowardTargetGoal with maxs=true frames=true
[Architectury Transformer DEBUG] Writing net/es/entity/custom/JackEntity$JackRandomLookGoal with maxs=true frames=true
[Architectury Transformer DEBUG] Writing net/es/entity/custom/EmployeeEntity$EmployeeAttackGoal with maxs=true frames=true
[Architectury Transformer DEBUG] Writing net/es/entity/custom/JackEntity with maxs=true frames=true
[Architectury Transformer DEBUG] Writing net/es/entity/client/WaterStriderModel with maxs=true frames=true
[Architectury Transformer DEBUG] Writing net/es/entity/client/EmployeeModel with maxs=true frames=true
[Architectury Transformer DEBUG] Writing net/es/entity/client/SecurityRenderer with maxs=true frames=true
[Architectury Transformer DEBUG] Writing net/es/entity/client/JackRenderer with maxs=true frames=true
[Architectury Transformer DEBUG] Writing net/es/entity/client/JackModel with maxs=true frames=true
[Architectury Transformer DEBUG] Writing net/es/entity/client/EmployeeRenderer with maxs=true frames=true
[Architectury Transformer DEBUG] Writing net/es/entity/client/WatcherRenderer with maxs=true frames=true
[Architectury Transformer DEBUG] Writing net/es/entity/client/WaterStriderRenderer with maxs=true frames=true
[Architectury Transformer DEBUG] Writing net/es/entity/client/WatcherModel with maxs=true frames=true
[Architectury Transformer DEBUG] Writing net/es/entity/client/SecurityModel with maxs=true frames=true
[Architectury Transformer DEBUG] Writing net/es/entity/client/armor/HandmadeArmorModel with maxs=true frames=true
[Architectury Transformer DEBUG] Writing net/es/entity/client/armor/SecurityArmorModel with maxs=true frames=true
[Architectury Transformer DEBUG] Writing net/es/entity/client/armor/HandmadeIronArmorModel with maxs=true frames=true
[Architectury Transformer DEBUG] Writing net/es/entity/client/armor/SecurityArmorRenderer with maxs=true frames=true
[Architectury Transformer DEBUG] Writing net/es/entity/client/armor/HandmadeIronArmorRenderer with maxs=true frames=true
[Architectury Transformer DEBUG] Writing net/es/entity/client/armor/HandmadeArmorRenderer with maxs=true frames=true
[Architectury Transformer DEBUG] Writing net/es/entity/client/armor/EmployeeShirtModel with maxs=true frames=true
[Architectury Transformer DEBUG] Writing net/es/entity/client/armor/EmployeeShirtRender with maxs=true frames=true
[Architectury Transformer DEBUG] Writing net/es/client/renderer/PlateEntityRenderer with maxs=true frames=true
[Architectury Transformer DEBUG] Writing net/es/block/EndlessStoreBlocks$BlockRegisterer with maxs=true frames=true
[Architectury Transformer DEBUG] Writing net/es/block/EndlessStoreBlocks with maxs=true frames=true
[Architectury Transformer DEBUG] Writing net/es/block/EndlessStoreBlocks$ModItemRegisterer with maxs=true frames=true
[Architectury Transformer DEBUG] Writing net/es/block/entity/OldSafeEntity$1 with maxs=true frames=true
[Architectury Transformer DEBUG] Writing net/es/block/entity/BedsideTableEntity with maxs=true frames=true
[Architectury Transformer DEBUG] Writing net/es/block/entity/CardboardBoxHugeTapeEntity$1 with maxs=true frames=true
[Architectury Transformer DEBUG] Writing net/es/block/entity/CustomFurnaceBlockEntity with maxs=true frames=true
[Architectury Transformer DEBUG] Writing net/es/block/entity/BedsideTableEntity$1 with maxs=true frames=true
[Architectury Transformer DEBUG] Writing net/es/block/entity/OldSafeEntity with maxs=true frames=true
[Architectury Transformer DEBUG] Writing net/es/block/entity/CardboardBoxHugeTapeEntity with maxs=true frames=true
[Architectury Transformer DEBUG] Writing net/es/block/custom/BookVariantOne with maxs=true frames=true
[Architectury Transformer DEBUG] Writing net/es/block/custom/Globe with maxs=true frames=true
[Architectury Transformer DEBUG] Writing net/es/block/custom/PlasticChair with maxs=true frames=true
[Architectury Transformer DEBUG] Writing net/es/block/custom/FireDetector with maxs=true frames=true
[Architectury Transformer DEBUG] Writing net/es/block/custom/AbstractTable with maxs=true frames=true
[Architectury Transformer DEBUG] Writing net/es/block/custom/PedestalAltea$1 with maxs=true frames=true
[Architectury Transformer DEBUG] Writing net/es/block/custom/BookVariantThree$1 with maxs=true frames=true
[Architectury Transformer DEBUG] Writing net/es/block/custom/SideBeams with maxs=true frames=true
[Architectury Transformer DEBUG] Writing net/es/block/custom/SquareShelf$1 with maxs=true frames=true
[Architectury Transformer DEBUG] Writing net/es/block/custom/ShelvesProp with maxs=true frames=true
[Architectury Transformer DEBUG] Writing net/es/block/custom/BookVariantTwo with maxs=true frames=true
[Architectury Transformer DEBUG] Writing net/es/block/custom/MetalPipe$1 with maxs=true frames=true
[Architectury Transformer DEBUG] Writing net/es/block/custom/WoodenBarricades$1 with maxs=true frames=true
[Architectury Transformer DEBUG] Writing net/es/block/custom/Wardrobe with maxs=true frames=true
[Architectury Transformer DEBUG] Writing net/es/block/custom/LampWall with maxs=true frames=true
[Architectury Transformer DEBUG] Writing net/es/block/custom/PaintingVertical$1 with maxs=true frames=true
[Architectury Transformer DEBUG] Writing net/es/block/custom/LampProp with maxs=true frames=true
[Architectury Transformer DEBUG] Writing net/es/block/custom/SideBeams$1 with maxs=true frames=true
[Architectury Transformer DEBUG] Writing net/es/block/custom/HighMirror$1 with maxs=true frames=true
[Architectury Transformer DEBUG] Writing net/es/block/custom/PaintingVertical with maxs=true frames=true
[Architectury Transformer DEBUG] Writing net/es/block/custom/MRE$1 with maxs=true frames=true
[Architectury Transformer DEBUG] Writing net/es/block/custom/Kettle$1 with maxs=true frames=true
[Architectury Transformer DEBUG] Writing net/es/block/custom/WoodenChair with maxs=true frames=true
[Architectury Transformer DEBUG] Writing net/es/block/custom/VerticalWashingMachine with maxs=true frames=true
[Architectury Transformer DEBUG] Writing net/es/block/custom/CardboardBoxHuge with maxs=true frames=true
[Architectury Transformer DEBUG] Writing net/es/block/custom/LampWall$1 with maxs=true frames=true
[Architectury Transformer DEBUG] Writing net/es/block/custom/CardboardBox with maxs=true frames=true
[Architectury Transformer DEBUG] Writing net/es/block/custom/FuseBox with maxs=true frames=true
[Architectury Transformer DEBUG] Writing net/es/block/custom/Organizer with maxs=true frames=true
[Architectury Transformer DEBUG] Writing net/es/block/custom/CeilingGrid with maxs=true frames=true
[Architectury Transformer DEBUG] Writing net/es/block/custom/MetalCornerPipe with maxs=true frames=true
[Architectury Transformer DEBUG] Writing net/es/block/custom/FuseBox$1 with maxs=true frames=true
[Architectury Transformer DEBUG] Writing net/es/block/custom/Sink$1 with maxs=true frames=true
[Architectury Transformer DEBUG] Writing net/es/block/custom/Baseboard$1 with maxs=true frames=true
[Architectury Transformer DEBUG] Writing net/es/block/custom/PedestalAltea with maxs=true frames=true
[Architectury Transformer DEBUG] Writing net/es/block/custom/DecorativeFence$1 with maxs=true frames=true
[Architectury Transformer DEBUG] Writing net/es/block/custom/Toolbox$1 with maxs=true frames=true
[Architectury Transformer DEBUG] Writing net/es/block/custom/TowelHolder with maxs=true frames=true
[Architectury Transformer DEBUG] Writing net/es/block/custom/Calendar with maxs=true frames=true
[Architectury Transformer DEBUG] Writing net/es/block/custom/FireCrane with maxs=true frames=true
[Architectury Transformer DEBUG] Writing net/es/block/custom/LiterallyNothingPortal with maxs=true frames=true
[Architectury Transformer DEBUG] Writing net/es/block/custom/Mirror with maxs=true frames=true
[Architectury Transformer DEBUG] Writing net/es/block/custom/WaterStriderEgg with maxs=true frames=true
[Architectury Transformer DEBUG] Writing net/es/block/custom/AbstractTableLong with maxs=true frames=true
[Architectury Transformer DEBUG] Writing net/es/block/custom/Bath$1 with maxs=true frames=true
[Architectury Transformer DEBUG] Writing net/es/block/custom/BaseboardCorner with maxs=true frames=true
[Architectury Transformer DEBUG] Writing net/es/block/custom/SidePipes with maxs=true frames=true
[Architectury Transformer DEBUG] Writing net/es/block/custom/Aquarium with maxs=true frames=true
[Architectury Transformer DEBUG] Writing net/es/block/custom/Pallet with maxs=true frames=true
[Architectury Transformer DEBUG] Writing net/es/block/custom/SideStorageShelves with maxs=true frames=true
[Architectury Transformer DEBUG] Writing net/es/block/custom/WoodenBarricades with maxs=true frames=true
[Architectury Transformer DEBUG] Writing net/es/block/custom/CustomStairsBlock with maxs=true frames=true
[Architectury Transformer DEBUG] Writing net/es/block/custom/MRE with maxs=true frames=true
[Architectury Transformer DEBUG] Writing net/es/block/custom/WallClock$1 with maxs=true frames=true
[Architectury Transformer DEBUG] Writing net/es/block/custom/HorizontalBoiler with maxs=true frames=true
[Architectury Transformer DEBUG] Writing net/es/block/custom/LampHighProp with maxs=true frames=true
[Architectury Transformer DEBUG] Writing net/es/block/custom/CardboardBoxMiddle with maxs=true frames=true
[Architectury Transformer DEBUG] Writing net/es/block/custom/Armchair$1 with maxs=true frames=true
[Architectury Transformer DEBUG] Writing net/es/block/custom/CustomFurnaceBlock with maxs=true frames=true
[Architectury Transformer DEBUG] Writing net/es/block/custom/CardboardBox$1 with maxs=true frames=true
[Architectury Transformer DEBUG] Writing net/es/block/custom/CardboardBoxLarge with maxs=true frames=true
[Architectury Transformer DEBUG] Writing net/es/block/custom/BigWardrobe$1 with maxs=true frames=true
[Architectury Transformer DEBUG] Writing net/es/block/custom/OutdoorSign with maxs=true frames=true
[Architectury Transformer DEBUG] Writing net/es/block/custom/FuseBoxLarge with maxs=true frames=true
[Architectury Transformer DEBUG] Writing net/es/block/custom/ShowcaseWithDishes with maxs=true frames=true
[Architectury Transformer DEBUG] Writing net/es/block/custom/LampLED$1 with maxs=true frames=true
[Architectury Transformer DEBUG] Writing net/es/block/custom/SidePipes$1 with maxs=true frames=true
[Architectury Transformer DEBUG] Writing net/es/block/custom/MetalCloset with maxs=true frames=true
[Architectury Transformer DEBUG] Writing net/es/block/custom/CargoTrolley with maxs=true frames=true
[Architectury Transformer DEBUG] Writing net/es/block/custom/LampLED with maxs=true frames=true
[Architectury Transformer DEBUG] Writing net/es/block/custom/VerticalBoiler with maxs=true frames=true
[Architectury Transformer DEBUG] Writing net/es/block/custom/GridPropVertical with maxs=true frames=true
[Architectury Transformer DEBUG] Writing net/es/block/custom/CardboardBoxHugeTape with maxs=true frames=true
[Architectury Transformer DEBUG] Writing net/es/block/custom/PlushMouseGraf$1 with maxs=true frames=true
[Architectury Transformer DEBUG] Writing net/es/block/custom/CargoTrolleyLong$1 with maxs=true frames=true
[Architectury Transformer DEBUG] Writing net/es/block/custom/MetalPipe with maxs=true frames=true
[Architectury Transformer DEBUG] Writing net/es/block/custom/TowelHolder$1 with maxs=true frames=true
[Architectury Transformer DEBUG] Writing net/es/block/custom/Baseboard with maxs=true frames=true
[Architectury Transformer DEBUG] Writing net/es/block/custom/Lampshade with maxs=true frames=true
[Architectury Transformer DEBUG] Writing net/es/block/custom/DecorativeFence with maxs=true frames=true
[Architectury Transformer DEBUG] Writing net/es/block/custom/VerticalBoiler$1 with maxs=true frames=true
[Architectury Transformer DEBUG] Writing net/es/block/custom/Kettle with maxs=true frames=true
[Architectury Transformer DEBUG] Writing net/es/block/custom/BaseboardCorner$1 with maxs=true frames=true
[Architectury Transformer DEBUG] Writing net/es/block/custom/HighMirror with maxs=true frames=true
[Architectury Transformer DEBUG] Writing net/es/block/custom/CeilingPipes with maxs=true frames=true
[Architectury Transformer DEBUG] Writing net/es/block/custom/Sink with maxs=true frames=true
[Architectury Transformer DEBUG] Writing net/es/block/custom/PracticalFence$1 with maxs=true frames=true
[Architectury Transformer DEBUG] Writing net/es/block/custom/WoodenChair$1 with maxs=true frames=true
[Architectury Transformer DEBUG] Writing net/es/block/custom/Plate with maxs=true frames=true
[Architectury Transformer DEBUG] Writing net/es/block/custom/VendingMachine$1 with maxs=true frames=true
[Architectury Transformer DEBUG] Writing net/es/block/custom/BookVariantThree with maxs=true frames=true
[Architectury Transformer DEBUG] Writing net/es/block/custom/Mirror$1 with maxs=true frames=true
[Architectury Transformer DEBUG] Writing net/es/block/custom/BigWardrobe with maxs=true frames=true
[Architectury Transformer DEBUG] Writing net/es/block/custom/CargoTrolley$1 with maxs=true frames=true
[Architectury Transformer DEBUG] Writing net/es/block/custom/BookVariantOne$1 with maxs=true frames=true
[Architectury Transformer DEBUG] Writing net/es/block/custom/Toolbox with maxs=true frames=true
[Architectury Transformer DEBUG] Writing net/es/block/custom/StorageShelves with maxs=true frames=true
[Architectury Transformer DEBUG] Writing net/es/block/custom/OldSafe with maxs=true frames=true
[Architectury Transformer DEBUG] Writing net/es/block/custom/OldSafe$1 with maxs=true frames=true
[Architectury Transformer DEBUG] Writing net/es/block/custom/OutdoorSign$1 with maxs=true frames=true
[Architectury Transformer DEBUG] Writing net/es/block/custom/Socket with maxs=true frames=true
[Architectury Transformer DEBUG] Writing net/es/block/custom/Organizer$1 with maxs=true frames=true
[Architectury Transformer DEBUG] Writing net/es/block/custom/CargoTrolleyLong with maxs=true frames=true
[Architectury Transformer DEBUG] Writing net/es/block/custom/PaintingHorizontal with maxs=true frames=true
[Architectury Transformer DEBUG] Writing net/es/block/custom/CoilWires with maxs=true frames=true
[Architectury Transformer DEBUG] Writing net/es/block/custom/PracticalFence with maxs=true frames=true
[Architectury Transformer DEBUG] Writing net/es/block/custom/Bath with maxs=true frames=true
[Architectury Transformer DEBUG] Writing net/es/block/custom/FireCrane$1 with maxs=true frames=true
[Architectury Transformer DEBUG] Writing net/es/block/custom/ShowcaseWithDishes$1 with maxs=true frames=true
[Architectury Transformer DEBUG] Writing net/es/block/custom/Armchair with maxs=true frames=true
[Architectury Transformer DEBUG] Writing net/es/block/custom/Safe$1 with maxs=true frames=true
[Architectury Transformer DEBUG] Writing net/es/block/custom/StorageShelves$1 with maxs=true frames=true
[Architectury Transformer DEBUG] Writing net/es/block/custom/BedsideTable with maxs=true frames=true
[Architectury Transformer DEBUG] Writing net/es/block/custom/FuseBoxLarge$1 with maxs=true frames=true
[Architectury Transformer DEBUG] Writing net/es/block/custom/TrashCan with maxs=true frames=true
[Architectury Transformer DEBUG] Writing net/es/block/custom/PaintingHorizontal$1 with maxs=true frames=true
[Architectury Transformer DEBUG] Writing net/es/block/custom/Bottle with maxs=true frames=true
[Architectury Transformer DEBUG] Writing net/es/block/custom/Socket$1 with maxs=true frames=true
[Architectury Transformer DEBUG] Writing net/es/block/custom/CeilingPipes$1 with maxs=true frames=true
[Architectury Transformer DEBUG] Writing net/es/block/custom/LightBulb with maxs=true frames=true
[Architectury Transformer DEBUG] Writing net/es/block/custom/PlushMouseGraf with maxs=true frames=true
[Architectury Transformer DEBUG] Writing net/es/block/custom/HorizontalBoiler$1 with maxs=true frames=true
[Architectury Transformer DEBUG] Writing net/es/block/custom/Safe with maxs=true frames=true
[Architectury Transformer DEBUG] Writing net/es/block/custom/Globe$1 with maxs=true frames=true
[Architectury Transformer DEBUG] Writing net/es/block/custom/HangingLamp with maxs=true frames=true
[Architectury Transformer DEBUG] Writing net/es/block/custom/Radiator$1 with maxs=true frames=true
[Architectury Transformer DEBUG] Writing net/es/block/custom/Computer with maxs=true frames=true
[Architectury Transformer DEBUG] Writing net/es/block/custom/WallClock with maxs=true frames=true
[Architectury Transformer DEBUG] Writing net/es/block/custom/Computer$1 with maxs=true frames=true
[Architectury Transformer DEBUG] Writing net/es/block/custom/GridPropVertical$1 with maxs=true frames=true
[Architectury Transformer DEBUG] Writing net/es/block/custom/WallMap with maxs=true frames=true
[Architectury Transformer DEBUG] Writing net/es/block/custom/SquareShelf with maxs=true frames=true
[Architectury Transformer DEBUG] Writing net/es/block/custom/PaddedStool with maxs=true frames=true
[Architectury Transformer DEBUG] Writing net/es/block/custom/PlasticChair$1 with maxs=true frames=true
[Architectury Transformer DEBUG] Writing net/es/block/custom/WhiteBookshelf with maxs=true frames=true
[Architectury Transformer DEBUG] Writing net/es/block/custom/VendingMachine with maxs=true frames=true
[Architectury Transformer DEBUG] Writing net/es/block/custom/SideStorageShelves$1 with maxs=true frames=true
[Architectury Transformer DEBUG] Writing net/es/block/custom/BedsideTable$1 with maxs=true frames=true
[Architectury Transformer DEBUG] Writing net/es/block/custom/GarbageOnFloor with maxs=true frames=true
[Architectury Transformer DEBUG] Writing net/es/block/custom/WallMap$1 with maxs=true frames=true
[Architectury Transformer DEBUG] Writing net/es/block/custom/AbstractTableLong$1 with maxs=true frames=true
[Architectury Transformer DEBUG] Writing net/es/block/custom/Wardrobe$1 with maxs=true frames=true
[Architectury Transformer DEBUG] Writing net/es/block/custom/Radiator with maxs=true frames=true
[Architectury Transformer DEBUG] Writing net/es/block/custom/FilingCabinet with maxs=true frames=true
[Architectury Transformer DEBUG] Writing net/es/block/custom/Calendar$1 with maxs=true frames=true
[Architectury Transformer DEBUG] Writing net/es/block/custom/MetalCornerPipe$1 with maxs=true frames=true
[Architectury Transformer DEBUG] Closed File Systems for C:\Users\Пользователь\Desktop\Бакрумс аддон\Endless-Store-1-21-1-multi\common\build\libs\endless_store_mod-common-1.0.0-transformProductionNeoForge.jar
[Architectury Transformer] Transformed jar with 5 transformer(s) in 1.888 s
